[gymove-html.vercel.app/index-dark.html]
[backblue.gif]
[fade.gif]
[index.html]
[gymove-html.vercel.app/assets/images/favicon.avif]
[gymove-html.vercel.app/assets/vendor/owl-carousel/owl.carousel.css]
[gymove-html.vercel.app/assets/vendor/metismenu/dist/metisMenu.min.css]
[gymove-html.vercel.app/assets/vendor/bootstrap-select/dist/css/bootstrap-select.min.css]
[gymove-html.vercel.app/assets/vendor/chartist/css/chartist.min.css]
[gymove-html.vercel.app/assets/css/switcher.css]
[gymove-html.vercel.app/assets/css/plugins.css]
[gymove-html.vercel.app/assets/css/style.css]
[gymove-html.vercel.app/index.html]
[gymove-html.vercel.app/assets/images/avatar/small/avatar1.webp]
[gymove-html.vercel.app/assets/images/avatar/small/avatar2.webp]
[gymove-html.vercel.app/assets/images/avatar/small/avatar3.webp]
[gymove-html.vercel.app/assets/images/avatar/small/avatar4.webp]
[gymove-html.vercel.app/assets/images/avatar/small/avatar5.webp]
[gymove-html.vercel.app/assets/images/avatar/small/avatar6.webp]
[gymove-html.vercel.app/assets/images/avatar/small/avatar7.webp]
[gymove-html.vercel.app/assets/images/avatar/small/avatar8.webp]
[gymove-html.vercel.app/assets/images/avatar/small/avatar9.webp]
[gymove-html.vercel.app/assets/images/avatar/small/avatar10.webp]
[gymove-html.vercel.app/assets/images/flags/pt.svg]
[gymove-html.vercel.app/assets/images/flags/es.svg]
[gymove-html.vercel.app/assets/images/flags/tr.svg]
[gymove-html.vercel.app/assets/images/flags/arab.svg]
[gymove-html.vercel.app/assets/images/profile/10.webp]
[gymove-html.vercel.app/app-profile.html]
[gymove-html.vercel.app/page-login.20.delayed]
[gymove-html.vercel.app/email-inbox.html]
[gymove-html.vercel.app/distance-map.html]
[gymove-html.vercel.app/food-menu.html]
[gymove-html.vercel.app/workoutplan.html]
[gymove-html.vercel.app/workout-statistic.html]
[gymove-html.vercel.app/personal-record.html]
[gymove-html.vercel.app/profile/overview.html]
[gymove-html.vercel.app/profile/projects.html]
[gymove-html.vercel.app/profile/campaigns.html]
[gymove-html.vercel.app/profile/projects-details.html]
[gymove-html.vercel.app/profile/documents.html]
[gymove-html.vercel.app/profile/followers.html]
[gymove-html.vercel.app/account/overview.html]
[gymove-html.vercel.app/profile/activity.html]
[gymove-html.vercel.app/account/settings.html]
[gymove-html.vercel.app/account/security.html]
[gymove-html.vercel.app/account/activity.html]
[gymove-html.vercel.app/account/billing.html]
[gymove-html.vercel.app/account/statements.html]
[gymove-html.vercel.app/account/api-keys.html]
[gymove-html.vercel.app/account/logs.html]
[gymove-html.vercel.app/edit-profile.html]
[gymove-html.vercel.app/post-details.html]
[gymove-html.vercel.app/email-compose.html]
[gymove-html.vercel.app/email-read.html]
[gymove-html.vercel.app/app-calender.html]
[gymove-html.vercel.app/ecom-product-grid.html]
[gymove-html.vercel.app/ecom-product-list.html]
[gymove-html.vercel.app/ecom-product-detail.html]
[gymove-html.vercel.app/ecom-product-order.html]
[gymove-html.vercel.app/account/referrals.html]
[gymove-html.vercel.app/ecom-checkout.html]
[gymove-html.vercel.app/ecom-invoice.html]
[gymove-html.vercel.app/ecom-customers.html]
[gymove-html.vercel.app/aikit/auto-write.html]
[gymove-html.vercel.app/aikit/scheduled.html]
[gymove-html.vercel.app/aikit/repurpose.html]
[gymove-html.vercel.app/aikit/rss.html]
[gymove-html.vercel.app/aikit/chatbot.html]
[gymove-html.vercel.app/aikit/fine-tune-models.html]
[gymove-html.vercel.app/aikit/prompt.html]
[gymove-html.vercel.app/aikit/setting.html]
[gymove-html.vercel.app/aikit/import.html]
[gymove-html.vercel.app/cms/content.html]
[gymove-html.vercel.app/cms/content-add.html]
[gymove-html.vercel.app/cms/menu.html]
[gymove-html.vercel.app/cms/email-template.html]
[gymove-html.vercel.app/cms/add-email.html]
[gymove-html.vercel.app/cms/blog.html]
[gymove-html.vercel.app/cms/blog-category.html]
[gymove-html.vercel.app/cms/add-blog.html]
[gymove-html.vercel.app/pages/register.html]
[gymove-html.vercel.app/pages/login.html]
[gymove-html.vercel.app/pages/error-400.html]
[gymove-html.vercel.app/pages/error-403.html]
[gymove-html.vercel.app/pages/error-404.html]
[gymove-html.vercel.app/pages/error-500.html]
[gymove-html.vercel.app/pages/error-503.html]
[gymove-html.vercel.app/pages/lock-screen.html]
[gymove-html.vercel.app/assets/images/calendar.avif]
[gymove-html.vercel.app/assets/images/avatar/large/avatar7.webp]
[gymove-html.vercel.app/assets/images/avatar/large/avatar5.webp]
[gymove-html.vercel.app/assets/images/avatar/large/avatar3.webp]
[gymove-html.vercel.app/assets/images/avatar/large/avatar1.webp]
[gymove-html.vercel.app/assets/images/menus/1.avif]
[gymove-html.vercel.app/assets/images/menus/2.avif]
[gymove-html.vercel.app/assets/images/menus/3.avif]
[gymove-html.vercel.app/assets/images/menus/4.avif]
[gymove-html.vercel.app/assets/ajax/featured-menu-list.html]
[gymove-html.vercel.app/assets/vendor/jquery/dist/jquery.min.js]
[gymove-html.vercel.app/assets/vendor/bootstrap/dist/js/bootstrap.bundle.min.js]
[gymove-html.vercel.app/assets/vendor/bootstrap-select/dist/js/bootstrap-select.min.js]
[gymove-html.vercel.app/assets/vendor/@yaireo/tagify/dist/tagify.js]
[gymove-html.vercel.app/assets/vendor/metismenu/dist/metisMenu.min.js]
[gymove-html.vercel.app/assets/vendor/chart-js/chart.bundle.min.js]
[gymove-html.vercel.app/assets/vendor/owl-carousel/owl.carousel.js]
[gymove-html.vercel.app/assets/vendor/peity/jquery.peity.min.js]
[gymove-html.vercel.app/assets/vendor/apexcharts/dist/apexcharts.min.js]
[gymove-html.vercel.app/assets/js/dashboard/dashboard-1.js]
[gymove-html.vercel.app/assets/vendor/i18n/i18n.js]
[gymove-html.vercel.app/assets/js/translator.js]
[gymove-html.vercel.app/assets/js/deznav-init.js]
[gymove-html.vercel.app/assets/js/custom.js]
[gymove-html.vercel.app/assets/js/demo.js]
[gymove-html.vercel.app/index-dark.html]
[gymove-html.vercel.app/assets/js/styleSwitcher.js]
[gymove-html.vercel.app/assets/vendor/owl-carousel/owl.video.play.75.delayed]
[gymove-html.vercel.app/assets/vendor/owl-carousel/owl.carousel.css]
[gymove-html.vercel.app/assets/vendor/metismenu/dist/metisMenu.min.css]
[gymove-html.vercel.app/assets/vendor/bootstrap-select/dist/css/bootstrap-select.min.css]
[gymove-html.vercel.app/assets/vendor/chartist/css/chartist.min.css]
[gymove-html.vercel.app/assets/images/pattern/pattern5.avif]
[gymove-html.vercel.app/assets/css/switcher.css]
[gymove-html.vercel.app/assets/vendor/jqvmap/marker/red.77.delayed]
[gymove-html.vercel.app/assets/vendor/jqvmap/marker/blue.78.delayed]
[gymove-html.vercel.app/assets/vendor/jqvmap/marker/purple.79.delayed]
[gymove-html.vercel.app/assets/css/plugins.css]
[gymove-html.vercel.app/assets/icons/bootstrap-icons/font/bootstrap-icons.css]
[gymove-html.vercel.app/assets/icons/font-awesome/css/all.min.css]
[gymove-html.vercel.app/assets/icons/line-awesome/css/line-awesome.min.css]
[gymove-html.vercel.app/assets/icons/avasta/css/style.css]
[gymove-html.vercel.app/assets/icons/flaticon/flaticon.css]
[gymove-html.vercel.app/assets/icons/flaticon-1/font/flaticon-1.css]
[gymove-html.vercel.app/index-2.html]
[gymove-html.vercel.app/assets/images/like.avif]
[gymove-html.vercel.app/assets/images/profile/cover.webp]
[gymove-html.vercel.app/assets/images/dolor.82.delayed]
[gymove-html.vercel.app/assets/images/ticket.83.delayed]
[gymove-html.vercel.app/assets/css/style.css]
[gymove-html.vercel.app/index.html]
[gymove-html.vercel.app/assets/images/flags/gb-eng.svg]
[gymove-html.vercel.app/assets/images/flags/pt.svg]
[gymove-html.vercel.app/assets/images/flags/fr.svg]
[gymove-html.vercel.app/assets/images/flags/de.svg]
[gymove-html.vercel.app/assets/images/flags/it.svg]
[gymove-html.vercel.app/assets/images/flags/jp.svg]
[gymove-html.vercel.app/assets/images/flags/es.svg]
[gymove-html.vercel.app/assets/images/flags/arab.svg]
[gymove-html.vercel.app/assets/images/flags/tr.svg]
[gymove-html.vercel.app/assets/vendor/lightgallery/css/lightgallery.min.css]
[gymove-html.vercel.app/assets/images/profile/profile.avif]
[gymove-html.vercel.app/assets/images/profile/1.webp]
[gymove-html.vercel.app/assets/images/profile/2.webp]
[gymove-html.vercel.app/assets/images/profile/3.webp]
[gymove-html.vercel.app/assets/images/profile/4.webp]
[gymove-html.vercel.app/assets/images/profile/5.webp]
[gymove-html.vercel.app/assets/images/profile/6.webp]
[gymove-html.vercel.app/assets/images/profile/7.webp]
[gymove-html.vercel.app/assets/images/profile/8.webp]
[gymove-html.vercel.app/assets/images/profile/9.webp]
[gymove-html.vercel.app/app-profile.html]
[gymove-html.vercel.app/email-inbox.html]
[gymove-html.vercel.app/page-login.html]
[gymove-html.vercel.app/assets/vendor/lightgallery/js/lightgallery-all.min.js]
[gymove-html.vercel.app/workout-statistic.html]
[gymove-html.vercel.app/assets/js/dashboard/workout-statistic.js]
[gymove-html.vercel.app/assets/vendor/datatables/css/jquery.dataTables.min.css]
[gymove-html.vercel.app/assets/vendor/bootstrap-datepicker/css/bootstrap-datepicker3.min.css]
[gymove-html.vercel.app/assets/vendor/bootstrap-datetimepicker/css/bootstrap-datetimepicker.min.css]
[gymove-html.vercel.app/assets/vendor/bootstrap-datetimepicker/js/moment.js]
[gymove-html.vercel.app/workoutplan.html]
[gymove-html.vercel.app/assets/vendor/bootstrap-datetimepicker/js/bootstrap-datetimepicker.min.js]
[gymove-html.vercel.app/assets/ajax/recent-activities.html]
[gymove-html.vercel.app/distance-map.html]
[gymove-html.vercel.app/assets/js/dashboard/distance-map.js]
[gymove-html.vercel.app/assets/images/menus/5.avif]
[gymove-html.vercel.app/assets/images/menus/6.avif]
[gymove-html.vercel.app/assets/images/menus/7.avif]
[gymove-html.vercel.app/assets/ajax/food-menu-list.html]
[gymove-html.vercel.app/assets/ajax/food-menu-list-1.html]
[gymove-html.vercel.app/assets/ajax/food-menu-list-2.html]
[gymove-html.vercel.app/assets/ajax/food-menu-list-3.html]
[gymove-html.vercel.app/assets/images/menus/8.avif]
[gymove-html.vercel.app/assets/images/menus/9.avif]
[gymove-html.vercel.app/assets/images/menus/10.avif]
[gymove-html.vercel.app/assets/images/menus/11.avif]
[gymove-html.vercel.app/assets/images/menus/12.avif]
[gymove-html.vercel.app/food-menu.html]
[gymove-html.vercel.app/assets/ajax/trending-ingridients.html]
[gymove-html.vercel.app/assets/vendor/daterangepicker/daterangepicker.css]
[gymove-html.vercel.app/assets/images/illustration.avif]
[gymove-html.vercel.app/assets/vendor/daterangepicker/moment.min.js]
[gymove-html.vercel.app/assets/vendor/daterangepicker/daterangepicker.js]
[gymove-html.vercel.app/personal-record.html]
[gymove-html.vercel.app/assets/js/plugins-init/daterangepicker-init.js]
[gymove-html.vercel.app/profile/overview.html]
[gymove-html.vercel.app/profile/projects.html]
[gymove-html.vercel.app/profile/projects-details.html]
[gymove-html.vercel.app/profile/campaigns.html]
[gymove-html.vercel.app/profile/documents.html]
[gymove-html.vercel.app/profile/followers.html]
[gymove-html.vercel.app/profile/activity.html]
[gymove-html.vercel.app/account/overview.html]
[gymove-html.vercel.app/account/settings.html]
[gymove-html.vercel.app/account/security.html]
[gymove-html.vercel.app/account/activity.html]
[gymove-html.vercel.app/account/billing.html]
[gymove-html.vercel.app/account/statements.html]
[gymove-html.vercel.app/account/referrals.html]
[gymove-html.vercel.app/account/api-keys.html]
[gymove-html.vercel.app/account/logs.html]
[gymove-html.vercel.app/assets/vendor/@yaireo/tagify/dist/tagify.css]
[gymove-html.vercel.app/assets/images/avatar/middle/avatar2.webp]
[gymove-html.vercel.app/pages/forgot-password.html]
[gymove-html.vercel.app/edit-profile.html]
[gymove-html.vercel.app/assets/vendor/bootstrap-datepicker/js/bootstrap-datepicker.min.js]
[gymove-html.vercel.app/assets/vendor/sweetalert2/sweetalert2.min.css]
[gymove-html.vercel.app/post-details.html]
[gymove-html.vercel.app/assets/vendor/sweetalert2/sweetalert2.min.js]
[gymove-html.vercel.app/assets/vendor/dropzone/dropzone.min.css]
[gymove-html.vercel.app/email-compose.html]
[gymove-html.vercel.app/email-read.html]
[gymove-html.vercel.app/assets/vendor/dropzone/dropzone.min.js]
[gymove-html.vercel.app/assets/vendor/fullcalendar/css/main.min.css]
[gymove-html.vercel.app/assets/vendor/fullcalendar/js/main.min.js]
[gymove-html.vercel.app/app-calender.html]
[gymove-html.vercel.app/assets/js/plugins-init/fullcalendar-init.js]
[gymove-html.vercel.app/assets/vendor/star-rating/star-rating-svg.css]
[gymove-html.vercel.app/assets/images/product/1.webp]
[gymove-html.vercel.app/assets/images/product/2.webp]
[gymove-html.vercel.app/assets/images/product/3.webp]
[gymove-html.vercel.app/assets/images/product/4.webp]
[gymove-html.vercel.app/assets/images/product/5.webp]
[gymove-html.vercel.app/assets/images/product/6.webp]
[gymove-html.vercel.app/assets/images/product/7.webp]
[gymove-html.vercel.app/ecom-product-grid.html]
[gymove-html.vercel.app/assets/vendor/star-rating/jquery.star-rating-svg.js]
[gymove-html.vercel.app/assets/images/avatar/1.webp]
[gymove-html.vercel.app/ecom-product-list.html]
[gymove-html.vercel.app/assets/images/tab/1.webp]
[gymove-html.vercel.app/assets/images/tab/2.webp]
[gymove-html.vercel.app/assets/images/tab/3.webp]
[gymove-html.vercel.app/assets/images/tab/4.webp]
[gymove-html.vercel.app/ecom-product-detail.html]
[gymove-html.vercel.app/ecom-product-order.html]
[gymove-html.vercel.app/ecom-checkout.html]
[gymove-html.vercel.app/assets/images/qr.avif]
[gymove-html.vercel.app/assets/vendor/highlightjs/highlight.pack.min.e1.delayed]
[gymove-html.vercel.app/ecom-invoice.html]
[gymove-html.vercel.app/assets/images/avatar/middle/avatar1.webp]
[gymove-html.vercel.app/assets/images/avatar/middle/avatar3.webp]
[gymove-html.vercel.app/assets/images/avatar/middle/avatar5.webp]
[gymove-html.vercel.app/assets/images/avatar/middle/avatar7.webp]
[gymove-html.vercel.app/assets/images/avatar/middle/avatar9.webp]
[gymove-html.vercel.app/assets/images/avatar/middle/avatar4.webp]
[gymove-html.vercel.app/assets/images/avatar/middle/avatar6.webp]
[gymove-html.vercel.app/assets/images/avatar/middle/avatar8.webp]
[gymove-html.vercel.app/assets/images/avatar/middle/avatar10.webp]
[gymove-html.vercel.app/ecom-customers.html]
[gymove-html.vercel.app/aikit/auto-write.html]
[gymove-html.vercel.app/aikit/scheduled.html]
[gymove-html.vercel.app/aikit/repurpose.html]
[gymove-html.vercel.app/aikit/rss.html]
[gymove-html.vercel.app/aikit/chatbot.html]
[gymove-html.vercel.app/aikit/fine-tune-models.html]
[gymove-html.vercel.app/aikit/prompt.html]
[gymove-html.vercel.app/aikit/setting.html]
[gymove-html.vercel.app/aikit/import.html]
[gymove-html.vercel.app/cms/content.html]
[gymove-html.vercel.app/cms/content-add.html]
[gymove-html.vercel.app/cms/menu.html]
[gymove-html.vercel.app/cms/email-template.html]
[gymove-html.vercel.app/cms/add-email.html]
[gymove-html.vercel.app/cms/blog.html]
[gymove-html.vercel.app/cms/blog-category.html]
[gymove-html.vercel.app/cms/add-blog.html]
[gymove-html.vercel.app/pages/register.html]
[gymove-html.vercel.app/pages/login.html]
[gymove-html.vercel.app/pages/error-400.html]
[gymove-html.vercel.app/pages/error-403.html]
[gymove-html.vercel.app/pages/error-404.html]
[gymove-html.vercel.app/pages/error-500.html]
[gymove-html.vercel.app/pages/error-503.html]
[gymove-html.vercel.app/pages/lock-screen.html]
[gymove-html.vercel.app/assets/ajax/assets/images/menus/1.fd.delayed]
[gymove-html.vercel.app/assets/ajax/food-menu.fe.delayed]
[gymove-html.vercel.app/assets/ajax/assets/images/menus/2.ff.delayed]
[gymove-html.vercel.app/assets/ajax/featured-menu-list.html]
[gymove-html.vercel.app/assets/vendor/owl-carousel/owl.video.play.html]
[gymove-html.vercel.app/assets/vendor/jqvmap/marker/red.html]
[gymove-html.vercel.app/assets/vendor/jqvmap/marker/blue.html]
[gymove-html.vercel.app/assets/vendor/jqvmap/marker/purple.html]
[gymove-html.vercel.app/assets/icons/bootstrap-icons/font/fonts/bootstrap-iconse36a.woff2]
[gymove-html.vercel.app/assets/icons/bootstrap-icons/font/fonts/bootstrap-iconse36a.woff]
[gymove-html.vercel.app/assets/icons/bootstrap-icons/font/bootstrap-icons.css]
[gymove-html.vercel.app/assets/icons/font-awesome/webfonts/fa-brands-400.woff2]
[gymove-html.vercel.app/assets/icons/font-awesome/webfonts/fa-brands-400.ttf]
[gymove-html.vercel.app/assets/icons/font-awesome/webfonts/fa-regular-400.woff2]
[gymove-html.vercel.app/assets/icons/font-awesome/webfonts/fa-regular-400.ttf]
[gymove-html.vercel.app/assets/icons/font-awesome/webfonts/fa-solid-900.woff2]
[gymove-html.vercel.app/assets/icons/font-awesome/webfonts/fa-solid-900.ttf]
[gymove-html.vercel.app/assets/icons/font-awesome/webfonts/fa-v4compatibility.woff2]
[gymove-html.vercel.app/assets/icons/font-awesome/css/all.min.css]
[gymove-html.vercel.app/assets/icons/font-awesome/webfonts/fa-v4compatibility.ttf]
[gymove-html.vercel.app/assets/icons/line-awesome/fonts/la-brands-400.eot]
[gymove-html.vercel.app/assets/icons/line-awesome/fonts/la-brands-400.woff2]
[gymove-html.vercel.app/assets/icons/line-awesome/fonts/la-brands-400.woff]
[gymove-html.vercel.app/assets/icons/line-awesome/fonts/la-brands-400.ttf]
[gymove-html.vercel.app/assets/icons/line-awesome/fonts/la-brands-400d41d.eot]
[gymove-html.vercel.app/assets/icons/line-awesome/fonts/la-regular-400.eot]
[gymove-html.vercel.app/assets/icons/line-awesome/fonts/la-regular-400d41d.eot]
[gymove-html.vercel.app/assets/icons/line-awesome/fonts/la-regular-400.woff2]
[gymove-html.vercel.app/assets/icons/line-awesome/fonts/la-regular-400.woff]
[gymove-html.vercel.app/assets/icons/line-awesome/fonts/la-regular-400.ttf]
[gymove-html.vercel.app/assets/icons/line-awesome/fonts/la-regular-400.svg]
[gymove-html.vercel.app/assets/icons/line-awesome/fonts/la-brands-400.svg]
[gymove-html.vercel.app/assets/icons/line-awesome/fonts/la-solid-900d41d.eot]
[gymove-html.vercel.app/assets/icons/line-awesome/fonts/la-solid-900.woff2]
[gymove-html.vercel.app/assets/icons/line-awesome/fonts/la-solid-900.eot]
[gymove-html.vercel.app/assets/icons/line-awesome/fonts/la-solid-900.woff]
[gymove-html.vercel.app/assets/icons/line-awesome/css/line-awesome.min.css]
[gymove-html.vercel.app/assets/icons/line-awesome/fonts/la-solid-900.ttf]
[gymove-html.vercel.app/assets/icons/line-awesome/fonts/la-solid-900.svg]
[gymove-html.vercel.app/assets/icons/avasta/fonts/avasta.eot]
[gymove-html.vercel.app/assets/icons/avasta/fonts/avasta.woff2]
[gymove-html.vercel.app/assets/icons/avasta/fonts/avasta.woff]
[gymove-html.vercel.app/assets/icons/avasta/fonts/avasta.ttf]
[gymove-html.vercel.app/assets/icons/avasta/css/style.css]
[gymove-html.vercel.app/assets/icons/avasta/fonts/avasta.svg]
[gymove-html.vercel.app/assets/icons/flaticon/Flaticon.eot]
[gymove-html.vercel.app/assets/icons/flaticon/Flaticond41d.eot]
[gymove-html.vercel.app/assets/icons/flaticon/Flaticon.woff]
[gymove-html.vercel.app/assets/icons/flaticon/Flaticon.ttf]
[gymove-html.vercel.app/assets/icons/flaticon/Flaticon.125.delayed]
[gymove-html.vercel.app/assets/icons/flaticon/flaticon.css]
[gymove-html.vercel.app/assets/icons/flaticon-1/font/flaticon-131b9.ttf]
[gymove-html.vercel.app/assets/icons/flaticon-1/font/flaticon-131b9.woff]
[gymove-html.vercel.app/assets/icons/flaticon-1/font/flaticon-131b9.woff2]
[gymove-html.vercel.app/assets/icons/flaticon-1/font/flaticon-131b9.eot]
[gymove-html.vercel.app/assets/icons/flaticon-1/font/flaticon-1.css]
[gymove-html.vercel.app/index-2.html]
[gymove-html.vercel.app/assets/images/dolor.html]
[gymove-html.vercel.app/assets/images/ticket.html]
[gymove-html.vercel.app/assets/icons/flaticon-1/font/flaticon-131b9.svg]
[gymove-html.vercel.app/assets/vendor/lightgallery/fonts/lgd641.eot]
[gymove-html.vercel.app/assets/vendor/lightgallery/fonts/lgd41d.eot]
[gymove-html.vercel.app/assets/vendor/lightgallery/fonts/lgd641.woff]
[gymove-html.vercel.app/assets/vendor/lightgallery/fonts/lgd641.ttf]
[gymove-html.vercel.app/assets/vendor/lightgallery/fonts/lgd641.svg]
[gymove-html.vercel.app/assets/vendor/lightgallery/img/vimeo-play.130.delayed]
[gymove-html.vercel.app/assets/vendor/lightgallery/img/video-play.131.delayed]
[gymove-html.vercel.app/assets/vendor/lightgallery/img/youtube-play.132.delayed]
[gymove-html.vercel.app/assets/vendor/lightgallery/img/loading.gif]
[gymove-html.vercel.app/assets/vendor/lightgallery/css/lightgallery.min.css]
[gymove-html.vercel.app/assets/vendor/datatables/images/sort_both.134.delayed]
[gymove-html.vercel.app/assets/vendor/datatables/images/sort_asc.135.delayed]
[gymove-html.vercel.app/assets/vendor/datatables/images/sort_desc.136.delayed]
[gymove-html.vercel.app/assets/vendor/datatables/images/sort_asc_disabled.137.delayed]
[gymove-html.vercel.app/assets/vendor/datatables/images/sort_desc_disabled.138.delayed]
[gymove-html.vercel.app/assets/vendor/datatables/css/jquery.dataTables.min.css]
[gymove-html.vercel.app/assets/vendor/bootstrap-datepicker/css/bootstrap-datepicker3.min.css]
[gymove-html.vercel.app/assets/vendor/bootstrap-datetimepicker/css/bootstrap-datetimepicker.min.css]
[gymove-html.vercel.app/assets/ajax/personal-record.139.delayed]
[gymove-html.vercel.app/assets/ajax/recent-activities.html]
[gymove-html.vercel.app/assets/ajax/ecom-product-detail.13a.delayed]
[gymove-html.vercel.app/assets/ajax/assets/images/menus/5.13b.delayed]
[gymove-html.vercel.app/assets/ajax/assets/images/avatar/small/avatar1.13c.delayed]
[gymove-html.vercel.app/assets/ajax/assets/images/menus/6.13d.delayed]
[gymove-html.vercel.app/assets/ajax/food-menu-list.html]
[gymove-html.vercel.app/assets/ajax/food-menu-list-1.html]
[gymove-html.vercel.app/assets/ajax/food-menu-list-2.html]
[gymove-html.vercel.app/assets/ajax/food-menu-list-3.html]
[gymove-html.vercel.app/assets/ajax/assets/images/menus/9.13e.delayed]
[gymove-html.vercel.app/assets/ajax/assets/images/menus/11.13f.delayed]
[gymove-html.vercel.app/assets/ajax/assets/images/menus/10.140.delayed]
[gymove-html.vercel.app/assets/ajax/assets/images/menus/12.141.delayed]
[gymove-html.vercel.app/assets/ajax/trending-ingridients.html]
[gymove-html.vercel.app/assets/vendor/daterangepicker/daterangepicker.css]
[gymove-html.vercel.app/assets/vendor/@yaireo/tagify/dist/tagify.css]
[gymove-html.vercel.app/pages/forgot-password.html]
[gymove-html.vercel.app/assets/vendor/sweetalert2/sweetalert2.min.css]
[gymove-html.vercel.app/assets/vendor/dropzone/dropzone.min.css]
[gymove-html.vercel.app/assets/vendor/fullcalendar/css/main.min.css]
[gymove-html.vercel.app/assets/vendor/star-rating/star-rating-svg.css]
[gymove-html.vercel.app/assets/vendor/highlightjs/highlight.pack.min.html]
[gymove-html.vercel.app/assets/ajax/assets/images/menus/1.html]
[gymove-html.vercel.app/assets/ajax/food-menu.html]
[gymove-html.vercel.app/assets/ajax/assets/images/menus/2.html]
[gymove-html.vercel.app/assets/icons/line-awesome/fonts/la-brands-400.svg]
[gymove-html.vercel.app/assets/icons/line-awesome/fonts/la-regular-400.svg]
[gymove-html.vercel.app/assets/icons/line-awesome/fonts/la-solid-900.svg]
[gymove-html.vercel.app/assets/icons/avasta/fonts/avasta.svg]
[gymove-html.vercel.app/assets/icons/flaticon/Flaticon.html]
[gymove-html.vercel.app/assets/icons/flaticon-1/font/flaticon-131b9.svg]
[gymove-html.vercel.app/assets/vendor/lightgallery/fonts/lgd641.svg]
[gymove-html.vercel.app/assets/vendor/lightgallery/img/vimeo-play.html]
[gymove-html.vercel.app/assets/vendor/lightgallery/img/video-play.html]
[gymove-html.vercel.app/assets/vendor/lightgallery/img/youtube-play.html]
[gymove-html.vercel.app/assets/vendor/datatables/images/sort_both.html]
[gymove-html.vercel.app/assets/vendor/datatables/images/sort_asc.html]
[gymove-html.vercel.app/assets/vendor/datatables/images/sort_desc.html]
[gymove-html.vercel.app/assets/vendor/datatables/images/sort_asc_disabled.html]
[gymove-html.vercel.app/assets/vendor/datatables/images/sort_desc_disabled.html]
[gymove-html.vercel.app/assets/ajax/personal-record.html]
[gymove-html.vercel.app/assets/ajax/ecom-product-detail.html]
[gymove-html.vercel.app/assets/ajax/assets/images/menus/5.html]
[gymove-html.vercel.app/assets/ajax/assets/images/avatar/small/avatar1.html]
[gymove-html.vercel.app/assets/ajax/assets/images/menus/6.html]
[gymove-html.vercel.app/assets/ajax/assets/images/menus/9.html]
[gymove-html.vercel.app/assets/ajax/assets/images/menus/11.html]
[gymove-html.vercel.app/assets/ajax/assets/images/menus/10.html]
[gymove-html.vercel.app/assets/ajax/assets/images/menus/12.html]
[/assets/vendor/bootstrap-datepicker/css/bootstrap-datepicker3.min.css]
[/assets/vendor/lightgallery/css/lightgallery.min.css]
[/assets/vendor/metismenu/dist/metisMenu.min.css]
[/assets/vendor/bootstrap-select/dist/css/bootstrap-select.min.css]
[/assets/vendor/chartist/css/chartist.min.css]
[/assets/css/switcher.css]
[/assets/css/plugins.css]
[/assets/css/style.css]
[/assets/vendor/jquery/dist/jquery.min.js]
[/assets/vendor/bootstrap/dist/js/bootstrap.bundle.min.js]
[/assets/vendor/bootstrap-select/dist/js/bootstrap-select.min.js]
[/assets/vendor/@yaireo/tagify/dist/tagify.js]
[/assets/vendor/metismenu/dist/metisMenu.min.js]
[/assets/vendor/chart-js/chart.bundle.min.js]
[/assets/vendor/apexcharts/dist/apexcharts.min.js]
[/assets/vendor/bootstrap-datepicker/js/bootstrap-datepicker.min.js]
[/assets/vendor/lightgallery/js/lightgallery-all.min.js]
[/assets/vendor/draggable/draggable.js]
[/assets/js/dashboard/profile.js]
[/assets/vendor/i18n/i18n.js]
[/assets/js/translator.js]
[/assets/js/deznav-init.js]
[/assets/js/custom.js]
[/assets/js/demo.js]
[/assets/js/styleSwitcher.js]
[/assets/vendor/owl-carousel/owl.carousel.css]
[/assets/vendor/datatables/css/jquery.dataTables.min.css]
[/assets/vendor/datatables/js/jquery.dataTables.bundle.min.js]
[/assets/vendor/owl-carousel/owl.carousel.js]
[/assets/js/dashboard/aikit.js]
[/assets/vendor/nouislider/nouislider.min.css]
[/assets/vendor/jquery-asColorPicker/css/asColorPicker.min.css]
[/assets/vendor/nouislider/nouislider.min.js]
[/assets/vendor/wnumb/wNumb.js]
[/assets/vendor/jquery-asColor/jquery-asColor.min.js]
[/assets/vendor/jquery-asGradient/jquery-asGradient.min.js]
[/assets/vendor/jquery-asColorPicker/js/jquery-asColorPicker.min.js]
[/assets/vendor/@yaireo/tagify/dist/tagify.css]
[/assets/vendor/dropzone/dropzone.min.css]
[/assets/vendor/dropzone/dropzone.min.js]
[/assets/vendor/ckeditor/ckeditor.js]
[/assets/vendor/nestable2/css/jquery.nestable.min.css]
[/assets/vendor/nestable2/js/jquery.nestable.min.js]
[/assets/js/plugins-init/nestable-init.js]
[/assets/vendor/select2/css/select2.min.css]
[/assets/vendor/select2/js/select2.full.min.js]
[/assets/js/plugins-init/select2-init.js]
